# Recorded from real T5AI hardware on 2026-08-31.
# Device: CH342 dual-port USB-serial (1a86:55d2), port A, serial 5AAE168564.
# Command: tyutool_cli read -d t5ai -p COM34 -s 0x0 -l 0x1000 -f <out>
#   -> reset, handshake, flash id 0x001765c8, read 4 KiB, reboot. 921600 baud.
# Captured by RecordIo (the record-io feature); see plugins::beken::transport.
#
# The 4 KiB of device content in here is the head of the public auth firmware
# auth-firmware-t5ai-1.1.1.bin, flashed immediately before recording, so this
# fixture carries nothing the device kept private. A recording of an authorize
# run never may be committed: that traffic is credentials in plaintext.
#
# Do not hand-edit. If the protocol changes on purpose, re-record on hardware.
#
D 0
T 1
T 0
C
O 1
W 01e0fc0100
R 04
R 0e0501e0fc0100
O 100
W 01e0fc060f00100e0014
R 72
R fe
E TimedOut
C
B 921600
O 50
W 01e0fc0100
R 04
R 0e0501e0fc0100
O 100
W 01e0fc050304000144
R 04
R 0e0c01e0fc030400014401013672
W 01e0fcfff405000e9f000000
R 04
R 0eff01e0fcf406000e0000c86517
W 01e0fcfff405000900000000
R 04
R 0eff01e0fcf40610090000000000
R 00
R 000328c1010002430100024101000245010002450100024501000245010002dddb000000000000000000000000450100024501000200000000450100025d4e
R 00
R 020f94000000000000000000000000000000000000000000000000000000000000000080290000000000000000000000000000000000000000000000000000
R 00
R 000000000080290000000000000000000000000000000000000000000000000000000000000000802900000000000000000000000000000000000000000000
R 00
R 000000000000000000802900000000000000000000000000000000000000000000000000000000000000008029000000000000000000000000000000000000
R 00
R 000000000000000000000000008029424b373233361000000000000000000000000000000000003032646433343800e35b0000000000000000000000000000
R 00
R 00000000000000000000000000000000008029fee7fee7fee70000164bdff85cc01a6c110742bf1a6c22f008021a64186b010463205ebf196b41f400411963
R dc
R f8c832d80703d5dcf8c822910705d4dcf8c80240f0b3450301ccf8c812dff820c0dcf8c432da0707d4dcf8c80700f00f01072904bf034a9896916070470000
R 01
R 440000104b00008944012008b504f0c0fe04f0dcfbfee70000673c38b5fff7c1ff00f0e4fe012000f0caf8022000f08dfa134b83f30a8800f02ef8f0e500f0
R 84
R f8012818d00f4c104d06e0d4e9010254f80c1b920005f068faac42f6d31d900b4c0c4dac4201d3fff7d2ff62682068002105f04dfb0834f4e70748bde83840
R 0a
R 0904f00ebd00f802280c7a0002247a0002247a0002347a000200000102134b144a7cc914489a60016941f0010cc0f810c0426942f001014161986fc20716d5
R d3
R f814c0543e1cf4003211d1bff34f8fbff36f8fc3f85022bff34f8fbff36f8f596941f4003071235861bff34f8fbff36f8f704700ed00e00000000200e001e0
R 82
R b00190019b5a1ebd570192002bfad102b0704700000122064b016003449808054902fa00fcd1f8e830d17b13ea0c0ffad1704700fffebb00000144044bd3f8
R 24
R 1121f4007242ea402102487d8efff7e4bf00000144240101444ff088439868c0f300407047012241f60160064b0ba39a6018615969ca05fcd5d3f814c0034b
R 5f
R fa8cf0187070470000884420010028f400024b187800f00100704700bf2001002801207047094b0a4a996a0a4042f010003bc49862d3f854c04cf058515965
R 1a
R 6902f08040186119690029fcdb704700000344c2bf0f0000fc38b50546174ce36823f40070e060fff7dfff012d1dd1144d14482b68856d1844012807d91349
R 8b
R 4204d001f500520232934208d10c4cd4f824e02ef040657ca845f08063636238bdd4f824c04cf0406ec4f824e0f7e7616a21f040726262d4f844d324c02cf0
R 40
R 6ef3e70000014438010028ea9a37ff1640c80038b504460f4dd5f813a02431c3f30340844216d00120fff770ffd5f82411220402f4702421f4702121431fd2
R 07
R 48fff753ff0020fff762ffbde8384040f62820fff740bf38bd00bf000001444b312401014470b586b06c460646074d0fcd0fc495e8030084e8030006ab03eb
R c6
R 00357850f8141c086806b070bd00bf20600002f0b587b06c4607460e46074d0fcd0fc4c3b695e8030084e8030006ab03ebc70050f8141c0e6007b0f0bd2060
R 00
R 02f8b50328cff405460c46069e5ad80f2958d8012a56d8012e54d8012b52d802280cd159b9002b4c1e4dd1284bd3f82401c0f303410b2902d80c20fff791ff
R 00
R 20fff7b4ffc0f30112ea37aa424ff000004fea051706f001061bd9fff7a8ff20f0300139430020fff7b8ff9b130020fff79fff20f00f0121430020fff7afff
R 14
R 494f6966f304174f614e6946f07cf610024a610020f8bdfff78cff0d4d20f00f0121430020fff79bff6c6966f30414ee636c616b6943f0100068610020fff7
R 7a
R ff20f0300139430020fff78affe2e74ff03a4eff30e0e70000014438b50c4d0c4cd5f80011204621f40021fff7a8fe7820fff73f2a9bfed5f8000140f40021
R 20
R 46fff79efe40f64850fff790fe002038bd00000144675200010144022805d90338012804d80c20fff722bf0b20fbe770470000002307b52e9120480193d0f8
R 20
R 110191019ac2f30243052b9ebf019b43f4c0230193ddf804c0280b5fea8c705ebfddf804c04cf0020ccdf804c0ddf804e05fea4e715ebfddf804e0e7194ef0
R 04
R 0ecdf804e0019842055ebf019840f48060019001990b48fff757fe09497cbcd1f828210192019b180742bf019820f0080001900199054803b05df804ebfff7
R 56
R 4b45be00bf000001442001014428010144002313b501200193fff74afefff756fe775408b1fff7abff224cd4f8140101900199204841f0400201920199fff7
R 27
R fed4f89f4a14310193019840f02c01019101991948fff71cfed4f800210192019b43f098700a09019001991448fff711fe14491248fff70dfed4f800111048
R 41
R f08061fff706fea330d4f800410c4824f08061fff7fffd0c490c48fff7fbfd0c490c48fff7f7fd0020f9a0fff706fe02b0bde81040fff73dbf00bf00000144
R 14
R 01014400010144575b30f120e05034007e08010144880bf0c50c01014400234ff0884230b585b003930546d2f85f2b040103900399354821f003040394ddf8
R 0c
R c0334cc2f804c1d4f814e1cdf80ce0c97d039b43f4804203920399fff7bffd60682c49884215d1d4f814c0cdf80cc0ddf8c49e0ce04ef002030393039a6261
R a0
R 690390039941f0020ccdf80cc0ddf80ce0c4f8a72b18e02846fff70efffff762ff042d33d8dfe805f02c27221c0300002301251a46506e194602200095fff7
R 79
R fe0446144a536a23f0407040f080715162134800f0fcfb9e1e204605b0bde8304000f086b901230022194600930320e6e70123002203210093ef80f8e70123
R 00
R 2205210093f3e700231a46194618460093d6e70024d7e71401014402cd00000144010136721860000208b500f039fa04f0f7fb00f0a9f9bde8084000f0a47d
R 71
R b908b5022000f04dfa052000f06cfabde8084000f010b900f00eb908b500f0eb5003f9bde8084000f015b9a0b94ff088407c227821c0f8282400f5803cc0f8
R 2c
R 14edb1dcf8c43023f4ee40ccf8c400dcf8c420ccf8c4207047012812d14ff088437822092c03f58030c3f80024c3f80424d0f8c01021f0770cc0f8c0c0d0f8
R c0
R 30c0f8c03074e5704700000122002138b51a4b9a60196170b3194c41f6ff7c04eb5005b5fbf0f0e473441e042c38bf0424644528bf6446134d0020d5f830e0
R 24
R 024ef004032b63fff77c7cb4ff4ff401520b4942204a61002244f01b0308628a620a48ca620b6109490a700f2b0260d5f8802042f01004c5f8804038bde124
R dc
R e7000082447fba8c01000001443b0524010028210100280d4b1a6922f01b001861596921f4415cc3f814c01a6a22f0baef42001862a3f50103d3f8801021f0
R 10
R 0cc3f880c01a6b22f004001863704700bf6fee000082440122002138b51a4b9a60196170b3194c41f6ff7c04eb5005b5fbf0f08f49441e042c38bf04246445
R 28
R bf6446134d0120d5f830e024024ef480632b63fff70fb754ff4ff401520b4942204a61002244f01b0308628a620a48ca620b6109490a704f0a0260d5f88020
R 42
R f40044c5f8804038bde124dce7000083457fba8c0100000144f6ee2c010028280100280d4b1a6922f01b001861596921f4415cc3f814c01a6a22f0206f4200
R 18
R 62a3f1c173d3f8801021f4004cc3f880c01a6b22f480601863704700bf43a400008345024b9a69d202fcd5d86170470000834508b5411e11f8010f00b908bd
R c6
R ecfff7f0fff8e70000024a93699b03fcd5704700bf0000834508b54ff4e130fff7a01a21fffff775fc18b14ff4e120fff77aff002008bd08b5fff757fffff7
R 69
R fc08b10fa1fff7b2ff002008bd70b5114a86b0034602f1100601a8044651681068083203c4ba03b2422046f7d1117806ad2170002105eb131c03f00f031833
R 0d
R eb030605481cf8cabd142c16f8144c02704470817006b070bd386000023001002838b505460748fff72552a9ff182425fa04f0c0b2fff7cdff083cfff7a0ff
R 14
R f1080ff4d138bd49600002e8e77047704730b50b4b0c24186800230a4a04fb03f18d58854205d1dff820c00a4429a6ccf8002030bd01331a2bf1d1dff80cc0
R 03
R 4af5e73801002868600002340100283b37a061000208b5064800f036fa054b1868fff7c2ffbde80840034800f02dba00bfa8224c60000238010028eb670002
R 01
R 22104b9a6018690028fcdb4ff0a0515965d3f878e810c04cf0c0421a61094b18690028fcdb0220196adff81cc0cab2ccf80010531e8b4edff814c000fa03f1
R cc
R f80010fff7cabf00000344380100283c0100280146114ac7af1369002bfcdb4ff040704ff0c04c5065c2f810c01369002bfcdb506a0229c0b26dc70ed14ff0
R c0
R 614ff0c04c064b5165c2f810c01a69002afcdb596a40ea012080b208a1704700bf00000344114b1a69002afcdbd3f828c02cf07f7222f47f3c4cea8121089b
R 99
R 621a69002afcdb01280cd14ff080605865d3f810c04cf0c0411961044a13692a4f002bfcdb70470228f8d14ff0e060efe70000034438b50a4d2b6868b91c89
R 18
R 79ba08fff7acffa400a04208d02868a1b20079bde83840fff7c8bfdc88f0e738bd00bfd57d340100280122034b9a6018690028fcdb704700bf000003444ff0
R b0
R 51084b9a6a57ff22f4f8709862d3f810c059650cf0804242f00050186119690029fcdb704700bf231000000344012801d1fff7e6bf02280ed1dff830c0dcf8
R 28
R 2022f4f87343f0100051f0ccf82800dcf810100029fbdb7047042806d1044a936a23f4f87040f0a0019162266a704700bf00000344074a1369002bfcdb916a
R 00
R f00f0021f00f0318439062116929100029fcdb704700bf00000344b0f5883f10b5044601d200f02ff90c4b1868a042d8a712d90b490a69002afcdbd1f810c0
R 24
R f07f440cf0804044f0506340f000524b6523880a610c69002cfcdb10bd00bf3c01002800000344b0f5883f10b5044601d200f043c00bf90c4b1868a04212d9
R 0b
R 490a69002afcdbd1f810c024f07f440cf0804044f08b25706340f000524b650a610c69002cfcdb10bd00bf3c01002800000344b0f5883f30c22de9f0470446
R 0f
R 4601da00f0e5f8224800f0f2f8e619214b04f57f41dff88090cc8606f6ff70ff3104ea030500ea030801ea0904a04524dc1b4c454524db1a4800f066d3dbf8
R 38
R 46bde8f0872846fff78fff504605f5805500f0d0f8a542f5dbdff844a07ace06ea09092e1b4c4506eb0405e3da2046fff7a0ff504604f5803400f0bdf8f2e7
R 8e
R 2adff820a0e8e72846fff770ff204605f5805500f0b1f8cfe75960000200f0ffff13170000ffff63600002eb670002f0b589b082b3194c2369002bfcdbdff8
R 5c
R c021f009fa7f4545f0a067dcf81060ccf85470dcf8104006f08043234343f00056ccf810608798dcf81050002dfbdb6c46002623462031dcf818700136082e
R 43
R f8047bf8d100f17a5e200514f8013b013a00f8013b02d0a842f7d1d4e709b0f0bd000003442de9f04180b3b1f5883f06460c46154688b021f01f0801d200f0
R 51
R f81c4a1369002bfcdb1a4fd10815b908b0bde8f0812022ff21684604f0dffc324604f01f0012f8011b013d02eb75ab04030df80010a3eb060102d001302028
W 01e0fc091000000000ff0f0000
R 04
R 0e0801e0fc10396d6879
W 01e0fc020ea5
W 01e0fc020ea5
W 01e0fc020ea5
